[INFO] Scanning for projects...
[INFO] 
[INFO] -----------------< com.example.project1:Habit-Tracker >-----------------
[INFO] Building  0.0.1-SNAPSHOT
[INFO]   from pom.xml
[INFO] --------------------------------[ jar ]---------------------------------
[INFO] 
[INFO] --- resources:3.3.1:resources (default-resources) @ Habit-Tracker ---
[INFO] Copying 1 resource from src\main\resources to target\classes
[INFO] Copying 0 resource from src\main\resources to target\classes
[INFO] 
[INFO] --- compiler:3.14.1:compile (default-compile) @ Habit-Tracker ---
[INFO] Recompiling the module because of changed source code.
[INFO] Compiling 5 source files with javac [debug parameters release 21] to target\classes
[INFO] 
[INFO] --- resources:3.3.1:testResources (default-testResources) @ Habit-Tracker ---
[INFO] skip non existing resourceDirectory C:\Users\acer\Downloads\Habit Tracker\Habit-Tracker\src\test\resources
[INFO] 
[INFO] --- compiler:3.14.1:testCompile (default-testCompile) @ Habit-Tracker ---
[INFO] Recompiling the module because of changed dependency.
[INFO] Compiling 1 source file with javac [debug parameters release 21] to target\test-classes
[INFO] 
[INFO] --- surefire:3.5.5:test (default-test) @ Habit-Tracker ---
[INFO] Using auto detected provider org.apache.maven.surefire.junitplatform.JUnitPlatformProvider
[INFO] 
[INFO] -------------------------------------------------------
[INFO]  T E S T S
[INFO] -------------------------------------------------------
[INFO] Running com.example.project1.Habit.Tracker.HabitTrackerApplicationTests
11:47:27.002 [main] INFO org.springframework.test.context.support.AnnotationConfigContextLoaderUtils -- Could not detect default configuration classes for test class [com.example.project1.Habit.Tracker.HabitTrackerApplicationTests]: HabitTrackerApplicationTests does not declare any static, non-private, non-final, nested classes annotated with @Configuration.
11:47:27.217 [main] INFO org.springframework.boot.test.context.SpringBootTestContextBootstrapper -- Found @SpringBootConfiguration com.example.project1.Habit.Tracker.HabitTrackerApplication for test class com.example.project1.Habit.Tracker.HabitTrackerApplicationTests
11:47:27.403 [main] INFO org.springframework.test.context.support.AnnotationConfigContextLoaderUtils -- Could not detect default configuration classes for test class [com.example.project1.Habit.Tracker.HabitTrackerApplicationTests]: HabitTrackerApplicationTests does not declare any static, non-private, non-final, nested classes annotated with @Configuration.
11:47:27.405 [main] INFO org.springframework.boot.test.context.SpringBootTestContextBootstrapper -- Found @SpringBootConfiguration com.example.project1.Habit.Tracker.HabitTrackerApplication for test class com.example.project1.Habit.Tracker.HabitTrackerApplicationTests

  .   ____          _            __ _ _
 /\\ / ___'_ __ _ _(_)_ __  __ _ \ \ \ \
( ( )\___ | '_ | '_| | '_ \/ _` | \ \ \ \
 \\/  ___)| |_)| | | | | || (_| |  ) ) ) )
  '  |____| .__|_| |_|_| |_\__, | / / / /
 =========|_|==============|___/=/_/_/_/

 :: Spring Boot ::                (v4.0.4)

2026-03-25T11:47:28.086+05:30  INFO 11040 --- [Habit-Tracker] [           main] c.e.p.H.T.HabitTrackerApplicationTests   : Starting HabitTrackerApplicationTests using Java 21.0.10 with PID 11040 (started by acer in C:\Users\acer\Downloads\Habit Tracker\Habit-Tracker)
2026-03-25T11:47:28.090+05:30  INFO 11040 --- [Habit-Tracker] [           main] c.e.p.H.T.HabitTrackerApplicationTests   : No active profile set, falling back to 1 default profile: "default"
2026-03-25T11:47:29.393+05:30  INFO 11040 --- [Habit-Tracker] [           main] .s.d.r.c.RepositoryConfigurationDelegate : Bootstrapping Spring Data JPA repositories in DEFAULT mode.
2026-03-25T11:47:29.517+05:30  INFO 11040 --- [Habit-Tracker] [           main] .s.d.r.c.RepositoryConfigurationDelegate : Finished Spring Data repository scanning in 103 ms. Found 1 JPA repository interface.
2026-03-25T11:47:30.275+05:30  INFO 11040 --- [Habit-Tracker] [           main] org.hibernate.orm.jpa                    : HHH008540: Processing PersistenceUnitInfo [name: default]
2026-03-25T11:47:30.368+05:30  INFO 11040 --- [Habit-Tracker] [           main] org.hibernate.orm.core                   : HHH000001: Hibernate ORM core version 7.2.7.Final
2026-03-25T11:47:31.679+05:30  INFO 11040 --- [Habit-Tracker] [           main] o.s.o.j.p.SpringPersistenceUnitInfo      : No LoadTimeWeaver setup: ignoring JPA class transformer
2026-03-25T11:47:31.799+05:30  INFO 11040 --- [Habit-Tracker] [           main] com.zaxxer.hikari.HikariDataSource       : HikariPool-1 - Starting...
2026-03-25T11:47:32.842+05:30  INFO 11040 --- [Habit-Tracker] [           main] com.zaxxer.hikari.pool.HikariPool        : HikariPool-1 - Added connection com.mysql.cj.jdbc.ConnectionImpl@7f3e9acc
2026-03-25T11:47:32.847+05:30  INFO 11040 --- [Habit-Tracker] [           main] com.zaxxer.hikari.HikariDataSource       : HikariPool-1 - Start completed.
2026-03-25T11:47:33.092+05:30  INFO 11040 --- [Habit-Tracker] [           main] org.hibernate.orm.connections.pooling    : HHH10001005: Database info:
	Database JDBC URL [jdbc:mysql://localhost:3306/habitdb]
	Database driver: MySQL Connector/J
	Database dialect: MySQLDialect
	Database version: 8.0.45
	Default catalog/schema: habitdb/undefined
	Autocommit mode: undefined/unknown
	Isolation level: REPEATABLE_READ [default REPEATABLE_READ]
	JDBC fetch size: none
	Pool: DataSourceConnectionProvider
	Minimum pool size: undefined/unknown
	Maximum pool size: undefined/unknown
2026-03-25T11:47:35.006+05:30  INFO 11040 --- [Habit-Tracker] [           main] org.hibernate.orm.core                   : HHH000489: No JTA platform available (set 'hibernate.transaction.jta.platform' to enable JTA platform integration)
Hibernate: create table habits (id bigint not null auto_increment, completed bit not null, description varchar(255), name varchar(255), primary key (id)) engine=InnoDB
2026-03-25T11:47:35.344+05:30  INFO 11040 --- [Habit-Tracker] [           main] j.LocalContainerEntityManagerFactoryBean : Initialized JPA EntityManagerFactory for persistence unit 'default'
2026-03-25T11:47:35.559+05:30  INFO 11040 --- [Habit-Tracker] [           main] o.s.d.j.r.query.QueryEnhancerFactories   : Hibernate is in classpath; If applicable, HQL parser will be used.
2026-03-25T11:47:36.015+05:30  WARN 11040 --- [Habit-Tracker] [           main] JpaBaseConfiguration$JpaWebConfiguration : spring.jpa.open-in-view is enabled by default. Therefore, database queries may be performed during view rendering. Explicitly configure spring.jpa.open-in-view to disable this warning
2026-03-25T11:47:36.814+05:30  WARN 11040 --- [Habit-Tracker] [           main] ion$DefaultTemplateResolverConfiguration : Cannot find template location: classpath:/templates/ (please add some templates, check your Thymeleaf configuration, or set spring.thymeleaf.check-template-location=false)
2026-03-25T11:47:37.269+05:30  INFO 11040 --- [Habit-Tracker] [           main] c.e.p.H.T.HabitTrackerApplicationTests   : Started HabitTrackerApplicationTests in 9.714 seconds (process running for 12.002)
.\mvnw.cmd : Mockito is currently self-attaching to enable the inline-mock-maker. This will no longer work in future 
releases of the JDK. Please add Mockito as an agent to your build as described in Mockito's documentation: 
https://javadoc.io/doc/org.mockito/mockito-core/latest/org.mockito/org/mockito/Mockito.html#0.3
At line:2 char:1
+ .\mvnw.cmd test *> mvn-test.log
+ ~~~~~~~~~~~~~~~~~~~~~~~~~~~~~~~
    + CategoryInfo          : NotSpecified: (Mockito is curr...ockito.html#0.3:String) [], RemoteException
    + FullyQualifiedErrorId : NativeCommandError
 
Java HotSpot(TM) 64-Bit Server VM warning: Sharing is only supported for boot loader classes because bootstrap 
classpath has been appended
WARNING: A Java agent has been loaded dynamically 
(C:\Users\acer\.m2\repository\net\bytebuddy\byte-buddy-agent\1.17.8\byte-buddy-agent-1.17.8.jar)
WARNING: If a serviceability tool is in use, please run with -XX:+EnableDynamicAgentLoading to hide this warning
WARNING: If a serviceability tool is not in use, please run with -Djdk.instrument.traceUsage for more information
WARNING: Dynamic loading of agents will be disallowed by default in a future release
[INFO] Tests run: 1, Failures: 0, Errors: 0, Skipped: 0, Time elapsed: 11.48 s -- in com.example.project1.Habit.Tracker.HabitTrackerApplicationTests
[INFO] 
[INFO] Results:
[INFO] 
[INFO] Tests run: 1, Failures: 0, Errors: 0, Skipped: 0
[INFO] 
[INFO] ------------------------------------------------------------------------
[INFO] BUILD SUCCESS
[INFO] ------------------------------------------------------------------------
[INFO] Total time:  19.019 s
[INFO] Finished at: 2026-03-25T11:47:38+05:30
[INFO] ------------------------------------------------------------------------
